node.exe : npm warn Unknown env config "devdir". This will stop working in the next major version of npm. See `npm 
help npmrc` for supported config options.
At line:1 char:1
+ & "C:\Program Files\nodejs/node.exe" "C:\Users\PC\AppData\Roaming\npm ...
+ ~~~~~~~~~~~~~~~~~~~~~~~~~~~~~~~~~~~~~~~~~~~~~~~~~~~~~~~~~~~~~~~~~~~~~
    + CategoryInfo          : NotSpecified: (npm warn Unknow...config options.:String) [], RemoteException
    + FullyQualifiedErrorId : NativeCommandError
 

> trend-business-ai@0.1.0 build
> next build

Warning: Custom Cache-Control headers detected for the following routes:
  - /_next/static/:path*

Setting a custom Cache-Control header can break Next.js development behavior.
Γû▓ Next.js 16.2.9 (Turbopack)
- Environments: .env.local
- Experiments (use with caution):
  ┬╖ optimizePackageImports

  Creating an optimized production build ...
Turbopack build encountered 1 warnings:
./next.config.ts
Encountered unexpected file in NFT list
A file was traced that indicates that the whole project was traced unintentionally. Somewhere in the import trace 
below, there are:
- filesystem operations (like path.join, path.resolve or fs.readFile), or
- very dynamic requires (like require('./' + foo)).
To resolve this, you can
- remove them if possible, or
- only use them in development, or
- make sure they are statically scoped to some subfolder: path.join(process.cwd(), 'data', bar), or
- add ignore comments: path.join(/*turbopackIgnore: true*/ process.cwd(), bar)

Import trace:
  App Route:
    ./next.config.ts
    ./lib/ai-core/video-production-platform/assemble.ts
    ./app/api/video-studio/[id]/manage/route.ts


Γ£ô Compiled successfully in 56s
  Running TypeScript ...
  Finished TypeScript in 2.0min ...
  Collecting page data using 11 workers ...
Γ¿» Invalid segment configuration export detected. This can cause unexpected behavior from the configs not being 
applied. You should see the relevant failures in the logs above. Please fix them to continue.
